// Jest Snapshot v1, https://goo.gl/fbAQLP

exports[`Should render ExpenseErrorPage correctly 1`] = `
<div>
  <p>
    404 Page
  </p>
  <Link
    to="/dashboard"
  >
    Go home
  </Link>
</div>
`;
